To honour the JVM settings for this build a single-use Daemon process will be forked. For more on this, please refer to https://docs.gradle.org/8.7/userguide/gradle_daemon.html#sec:disabling_the_daemon in the Gradle documentation.
Daemon will be stopped at the end of the build 
> Task :app:preBuild UP-TO-DATE
> Task :app:preDebugBuild UP-TO-DATE
> Task :app:mergeDebugNativeDebugMetadata NO-SOURCE
> Task :app:checkKotlinGradlePluginConfigurationErrors
> Task :app:generateDebugBuildConfig UP-TO-DATE
> Task :app:checkDebugAarMetadata UP-TO-DATE
> Task :app:generateDebugResValues UP-TO-DATE
> Task :app:mapDebugSourceSetPaths UP-TO-DATE
> Task :app:generateDebugResources UP-TO-DATE
> Task :app:mergeDebugResources UP-TO-DATE
> Task :app:packageDebugResources UP-TO-DATE
> Task :app:parseDebugLocalResources UP-TO-DATE
> Task :app:createDebugCompatibleScreenManifests UP-TO-DATE
> Task :app:extractDeepLinksDebug UP-TO-DATE
> Task :app:processDebugMainManifest UP-TO-DATE
> Task :app:processDebugManifest UP-TO-DATE
> Task :app:processDebugManifestForPackage UP-TO-DATE
> Task :app:processDebugResources UP-TO-DATE
> Task :app:kaptGenerateStubsDebugKotlin UP-TO-DATE
> Task :app:kaptDebugKotlin UP-TO-DATE
> Task :app:javaPreCompileDebug UP-TO-DATE
> Task :app:mergeDebugShaders UP-TO-DATE
> Task :app:compileDebugShaders NO-SOURCE
> Task :app:generateDebugAssets UP-TO-DATE
> Task :app:mergeDebugAssets UP-TO-DATE
> Task :app:compressDebugAssets UP-TO-DATE
> Task :app:desugarDebugFileDependencies UP-TO-DATE
> Task :app:checkDebugDuplicateClasses UP-TO-DATE
> Task :app:mergeDebugStartupProfile UP-TO-DATE
> Task :app:mergeExtDexDebug UP-TO-DATE
> Task :app:mergeLibDexDebug UP-TO-DATE
> Task :app:mergeDebugJniLibFolders UP-TO-DATE
> Task :app:mergeDebugNativeLibs UP-TO-DATE
> Task :app:stripDebugDebugSymbols UP-TO-DATE
> Task :app:validateSigningDebug UP-TO-DATE
> Task :app:writeDebugAppMetadata UP-TO-DATE
> Task :app:writeDebugSigningConfigVersions UP-TO-DATE

> Task :app:compileDebugKotlin FAILED
e: file:///Users/hawk/Github/Antigravity/HotelRatingGenerator/app/src/main/java/com/hawk/hotelgenerator/data/repository/LlmRepository.kt:35:55 Unresolved reference: kotlinx
e: file:///Users/hawk/Github/Antigravity/HotelRatingGenerator/app/src/main/java/com/hawk/hotelgenerator/data/repository/MapRepository.kt:36:42 Object is not abstract and does not implement abstract member public abstract fun onPoiItemSearched(p0: PoiItemV2!, p1: Int): Unit defined in com.amap.api.services.poisearch.PoiSearchV2.OnPoiSearchListener
e: file:///Users/hawk/Github/Antigravity/HotelRatingGenerator/app/src/main/java/com/hawk/hotelgenerator/data/repository/MapRepository.kt:39:41 Type mismatch: inferred type is ArrayList<PoiItemV2!>! but List<PoiItem> was expected
e: file:///Users/hawk/Github/Antigravity/HotelRatingGenerator/app/src/main/java/com/hawk/hotelgenerator/data/repository/MapRepository.kt:44:13 'onPoiItemSearched' overrides nothing
e: file:///Users/hawk/Github/Antigravity/HotelRatingGenerator/app/src/main/java/com/hawk/hotelgenerator/data/repository/MapRepository.kt:69:47 Object is not abstract and does not implement abstract member public abstract fun onPoiItemSearched(p0: PoiItemV2!, p1: Int): Unit defined in com.amap.api.services.poisearch.PoiSearchV2.OnPoiSearchListener
e: file:///Users/hawk/Github/Antigravity/HotelRatingGenerator/app/src/main/java/com/hawk/hotelgenerator/data/repository/MapRepository.kt:72:49 Type mismatch: inferred type is PoiItemV2! but PoiItem? was expected
e: file:///Users/hawk/Github/Antigravity/HotelRatingGenerator/app/src/main/java/com/hawk/hotelgenerator/data/repository/MapRepository.kt:77:21 'onPoiItemSearched' overrides nothing
e: file:///Users/hawk/Github/Antigravity/HotelRatingGenerator/app/src/main/java/com/hawk/hotelgenerator/ui/screens/home/HomeScreen.kt:116:29 Unresolved reference: AnimatedVisibility
e: file:///Users/hawk/Github/Antigravity/HotelRatingGenerator/app/src/main/java/com/hawk/hotelgenerator/ui/screens/home/HomeScreen.kt:117:33 @Composable invocations can only happen from the context of a @Composable function
e: file:///Users/hawk/Github/Antigravity/HotelRatingGenerator/app/src/main/java/com/hawk/hotelgenerator/ui/screens/home/HomeScreen.kt:483:18 None of the following functions can be called with the arguments supplied: 
public fun Modifier.background(brush: Brush, shape: Shape = ..., alpha: Float = ...): Modifier defined in androidx.compose.foundation
public fun Modifier.background(color: Color, shape: Shape = ...): Modifier defined in androidx.compose.foundation

FAILURE: Build failed with an exception.

* What went wrong:
Execution failed for task ':app:compileDebugKotlin'.
> A failure occurred while executing org.jetbrains.kotlin.compilerRunner.GradleCompilerRunnerWithWorkers$GradleKotlinCompilerWorkAction
   > Compilation error. See log for more details

* Try:
> Run with --stacktrace option to get the stack trace.
> Run with --info or --debug option to get more log output.
> Run with --scan to get full insights.
> Get more help at https://help.gradle.org.

BUILD FAILED in 28s
33 actionable tasks: 2 executed, 31 up-to-date
